// Jest Snapshot v1, https://goo.gl/fbAQLP

exports[`Button.tsx should render correctly ! 1`] = `
<button
  className="button base"
>
   
   
</button>
`;
