// Jest Snapshot v1, https://goo.gl/fbAQLP

exports[`ButtonNr.tsx should render correctly ! 1`] = `
<button>
   
  my button
   
</button>
`;
