// Jest Snapshot v1, https://goo.gl/fbAQLP

exports[`Dropdown.tsx should render correctly ! 1`] = `
<div>
   Dropdown 
</div>
`;
